../Core/Inc/minmea.h:282:21:minmea_tofloat	2
../Core/Inc/minmea.h:293:21:minmea_tocoord	4
../Core/Src/main.c:92:5:main	22
../Core/Src/main.c:302:6:SystemClock_Config	4
../Core/Src/main.c:354:13:MX_I2C1_Init	4
../Core/Src/main.c:393:13:MX_I2C2_Init	4
../Core/Src/main.c:432:13:MX_I2C4_Init	4
../Core/Src/main.c:471:13:MX_TIM1_Init	4
../Core/Src/main.c:510:13:MX_TIM3_Init	9
../Core/Src/main.c:573:13:MX_UART4_Init	5
../Core/Src/main.c:614:13:MX_USART1_UART_Init	5
../Core/Src/main.c:655:13:MX_GPIO_Init	1
../Core/Src/main.c:687:6:HAL_TIM_PeriodElapsedCallback	2
../Core/Src/main.c:697:6:HAL_UART_TxCpltCallback	1
../Core/Src/main.c:704:6:HAL_UART_RxCpltCallback	10
../Core/Src/main.c:752:6:MPU_Config	1
../Core/Src/main.c:778:6:Error_Handler	1
