../Core/Src/INA219.c:27:10:Read16	40	static
../Core/Src/INA219.c:51:19:Write16	40	static
../Core/Src/INA219.c:64:7:INA219_ReadBusVoltage	24	static
../Core/Src/INA219.c:76:9:INA219_ReadCurrent_raw	24	static
../Core/Src/INA219.c:89:7:INA219_ReadCurrent	24	static
../Core/Src/INA219.c:103:7:INA219_ReadShuntVolage	24	static
../Core/Src/INA219.c:115:7:INA219_ReadPower	24	static
../Core/Src/INA219.c:132:7:INA219_GetBatteryLife	32	static
../Core/Src/INA219.c:151:5:INA219_GetDeltaTime_ms	16	static
../Core/Src/INA219.c:165:7:INA219_GetTotalPowerUsed	24	static
../Core/Src/INA219.c:177:7:INA219_GetMiliWattsDeltaTime	32	static
../Core/Src/INA219.c:191:7:INA219_GetAVGMiliWatt	32	static
../Core/Src/INA219.c:239:19:INA219_HealthCheck	24	static
../Core/Src/INA219.c:281:6:INA219_Reset	16	static
../Core/Src/INA219.c:287:6:INA219_setCalibration	16	static
../Core/Src/INA219.c:292:10:INA219_getConfig	24	static
../Core/Src/INA219.c:298:6:INA219_setConfig	16	static
../Core/Src/INA219.c:303:6:INA219_setCalibration_32V_2A	24	static
../Core/Src/INA219.c:318:6:INA219_setCalibration_32V_1A	24	static
../Core/Src/INA219.c:333:6:INA219_setCalibration_16V_400mA	24	static
../Core/Src/INA219.c:348:6:INA219_setPowerMode	24	static
../Core/Src/INA219.c:375:6:INA219_setCalibration_custom	32	static
../Core/Src/INA219.c:410:9:INA219_Init	32	static
