../Core/Inc/minmea.h:282:21:minmea_tofloat	2
../Core/Inc/minmea.h:293:21:minmea_tocoord	4
../Core/Src/main.c:93:5:main	24
../Core/Src/main.c:313:6:SystemClock_Config	4
../Core/Src/main.c:365:13:MX_I2C1_Init	4
../Core/Src/main.c:404:13:MX_I2C2_Init	4
../Core/Src/main.c:443:13:MX_I2C4_Init	4
../Core/Src/main.c:482:13:MX_TIM1_Init	4
../Core/Src/main.c:521:13:MX_TIM3_Init	9
../Core/Src/main.c:584:13:MX_UART4_Init	5
../Core/Src/main.c:625:13:MX_USART1_UART_Init	5
../Core/Src/main.c:666:13:MX_GPIO_Init	1
../Core/Src/main.c:698:6:HAL_TIM_PeriodElapsedCallback	2
../Core/Src/main.c:708:6:HAL_UART_TxCpltCallback	1
../Core/Src/main.c:715:6:HAL_UART_RxCpltCallback	10
../Core/Src/main.c:763:6:MPU_Config	1
../Core/Src/main.c:789:6:Error_Handler	1
