../Core/Inc/minmea.h:282:21:minmea_tofloat	16	static
../Core/Inc/minmea.h:293:21:minmea_tocoord	24	static
../Core/Src/main.c:93:5:main	368	static
../Core/Src/main.c:313:6:SystemClock_Config	120	static
../Core/Src/main.c:365:13:MX_I2C1_Init	8	static
../Core/Src/main.c:404:13:MX_I2C2_Init	8	static
../Core/Src/main.c:443:13:MX_I2C4_Init	8	static
../Core/Src/main.c:482:13:MX_TIM1_Init	40	static
../Core/Src/main.c:521:13:MX_TIM3_Init	64	static
../Core/Src/main.c:584:13:MX_UART4_Init	8	static
../Core/Src/main.c:625:13:MX_USART1_UART_Init	8	static
../Core/Src/main.c:666:13:MX_GPIO_Init	48	static
../Core/Src/main.c:698:6:HAL_TIM_PeriodElapsedCallback	16	static
../Core/Src/main.c:708:6:HAL_UART_TxCpltCallback	16	static
../Core/Src/main.c:715:6:HAL_UART_RxCpltCallback	112	static
../Core/Src/main.c:763:6:MPU_Config	24	static
../Core/Src/main.c:789:6:Error_Handler	4	static
